

================================================================
== Vivado HLS Report for 'ld_weights1'
================================================================
* Date:           Sun Oct 30 17:24:53 2022

* Version:        2019.1 (Build 2552052 on Fri May 24 15:28:33 MDT 2019)
* Project:        lenet
* Solution:       solution1
* Product family: zynq
* Target device:  xc7z020-clg400-1


================================================================
== Performance Estimates
================================================================
+ Timing (ns): 
    * Summary: 
    +--------+-------+----------+------------+
    |  Clock | Target| Estimated| Uncertainty|
    +--------+-------+----------+------------+
    |ap_clk  |  10.00|     8.750|        1.25|
    +--------+-------+----------+------------+

+ Latency (clock cycles): 
    * Summary: 
    +-----+-----+-----+-----+---------+
    |  Latency  |  Interval | Pipeline|
    | min | max | min | max |   Type  |
    +-----+-----+-----+-----+---------+
    |  583|  583|  583|  583|   none  |
    +-----+-----+-----+-----+---------+

    + Detail: 
        * Instance: 
        N/A

        * Loop: 
        +-----------------+-----+-----+----------+-----------+-----------+------+----------+
        |                 |  Latency  | Iteration|  Initiation Interval  | Trip |          |
        |    Loop Name    | min | max |  Latency |  achieved |   target  | Count| Pipelined|
        +-----------------+-----+-----+----------+-----------+-----------+------+----------+
        |- Loop 1         |  582|  582|        97|          -|          -|     6|    no    |
        | + Loop 1.1      |   95|   95|        19|          -|          -|     5|    no    |
        |  ++ Loop 1.1.1  |   10|   10|         2|          -|          -|     5|    no    |
        +-----------------+-----+-----+----------+-----------+-----------+------+----------+



================================================================
== Utilization Estimates
================================================================
* Summary: 
+-----------------+---------+-------+--------+-------+-----+
|       Name      | BRAM_18K| DSP48E|   FF   |  LUT  | URAM|
+-----------------+---------+-------+--------+-------+-----+
|DSP              |        -|      -|       -|      -|    -|
|Expression       |        -|      -|       0|    308|    -|
|FIFO             |        -|      -|       -|      -|    -|
|Instance         |        -|      -|       -|      -|    -|
|Memory           |        -|      -|       -|      -|    -|
|Multiplexer      |        -|      -|       -|    101|    -|
|Register         |        -|      -|     258|      -|    -|
+-----------------+---------+-------+--------+-------+-----+
|Total            |        0|      0|     258|    409|    0|
+-----------------+---------+-------+--------+-------+-----+
|Available        |      280|    220|  106400|  53200|    0|
+-----------------+---------+-------+--------+-------+-----+
|Utilization (%)  |        0|      0|   ~0   |   ~0  |    0|
+-----------------+---------+-------+--------+-------+-----+

+ Detail: 
    * Instance: 
    N/A

    * DSP48E: 
    N/A

    * Memory: 
    N/A

    * FIFO: 
    N/A

    * Expression: 
    +-----------------------+----------+-------+---+----+------------+------------+
    |     Variable Name     | Operation| DSP48E| FF| LUT| Bitwidth P0| Bitwidth P1|
    +-----------------------+----------+-------+---+----+------------+------------+
    |add_ln144_1_fu_170_p2  |     +    |      0|  0|  15|           6|           6|
    |add_ln144_2_fu_191_p2  |     +    |      0|  0|  71|          64|          64|
    |add_ln144_3_fu_224_p2  |     +    |      0|  0|  71|          64|          64|
    |add_ln144_4_fu_197_p2  |     +    |      0|  0|  71|          64|          64|
    |add_ln144_fu_148_p2    |     +    |      0|  0|  15|           6|           6|
    |i_fu_126_p2            |     +    |      0|  0|  12|           3|           1|
    |j_fu_160_p2            |     +    |      0|  0|  12|           3|           1|
    |k_fu_214_p2            |     +    |      0|  0|  12|           3|           1|
    |ap_block_state11       |    and   |      0|  0|   2|           1|           1|
    |icmp_ln141_fu_120_p2   |   icmp   |      0|  0|   9|           3|           3|
    |icmp_ln142_fu_154_p2   |   icmp   |      0|  0|   9|           3|           3|
    |icmp_ln143_fu_208_p2   |   icmp   |      0|  0|   9|           3|           3|
    +-----------------------+----------+-------+---+----+------------+------------+
    |Total                  |          |      0|  0| 308|         223|         217|
    +-----------------------+----------+-------+---+----+------------+------------+

    * Multiplexer: 
    +-------------------+----+-----------+-----+-----------+
    |        Name       | LUT| Input Size| Bits| Total Bits|
    +-------------------+----+-----------+-----+-----------+
    |ap_NS_fsm          |  56|         13|    1|         13|
    |i_0_reg_83         |   9|          2|    3|          6|
    |j_0_reg_94         |   9|          2|    3|          6|
    |k_0_reg_105        |   9|          2|    3|          6|
    |weights1_blk_n_AR  |   9|          2|    1|          2|
    |weights1_blk_n_R   |   9|          2|    1|          2|
    +-------------------+----+-----------+-----+-----------+
    |Total              | 101|         23|   12|         35|
    +-------------------+----+-----------+-----+-----------+

    * Register: 
    +----------------------------+----+----+-----+-----------+
    |            Name            | FF | LUT| Bits| Const Bits|
    +----------------------------+----+----+-----+-----------+
    |add_ln144_2_reg_255         |  64|   0|   64|          0|
    |add_ln144_3_reg_274         |  64|   0|   64|          0|
    |add_ln144_reg_242           |   6|   0|    6|          0|
    |ap_CS_fsm                   |  12|   0|   12|          0|
    |i_0_reg_83                  |   3|   0|    3|          0|
    |i_reg_237                   |   3|   0|    3|          0|
    |j_0_reg_94                  |   3|   0|    3|          0|
    |j_reg_250                   |   3|   0|    3|          0|
    |k_0_reg_105                 |   3|   0|    3|          0|
    |k_reg_269                   |   3|   0|    3|          0|
    |weights1_addr_read_reg_279  |  32|   0|   32|          0|
    |weights1_addr_reg_260       |  32|   0|   32|          0|
    |zext_ln144_reg_229          |  30|   0|   64|         34|
    +----------------------------+----+----+-----+-----------+
    |Total                       | 258|   0|  292|         34|
    +----------------------------+----+----+-----+-----------+



================================================================
== Interface
================================================================
* Summary: 
+-------------------------+-----+-----+------------+-----------------+--------------+
|        RTL Ports        | Dir | Bits|  Protocol  |  Source Object  |    C Type    |
+-------------------------+-----+-----+------------+-----------------+--------------+
|ap_clk                   |  in |    1| ap_ctrl_hs |   ld_weights1   | return value |
|ap_rst                   |  in |    1| ap_ctrl_hs |   ld_weights1   | return value |
|ap_start                 |  in |    1| ap_ctrl_hs |   ld_weights1   | return value |
|ap_done                  | out |    1| ap_ctrl_hs |   ld_weights1   | return value |
|ap_idle                  | out |    1| ap_ctrl_hs |   ld_weights1   | return value |
|ap_ready                 | out |    1| ap_ctrl_hs |   ld_weights1   | return value |
|m_axi_weights1_AWVALID   | out |    1|    m_axi   |     weights1    |    pointer   |
|m_axi_weights1_AWREADY   |  in |    1|    m_axi   |     weights1    |    pointer   |
|m_axi_weights1_AWADDR    | out |   32|    m_axi   |     weights1    |    pointer   |
|m_axi_weights1_AWID      | out |    1|    m_axi   |     weights1    |    pointer   |
|m_axi_weights1_AWLEN     | out |   32|    m_axi   |     weights1    |    pointer   |
|m_axi_weights1_AWSIZE    | out |    3|    m_axi   |     weights1    |    pointer   |
|m_axi_weights1_AWBURST   | out |    2|    m_axi   |     weights1    |    pointer   |
|m_axi_weights1_AWLOCK    | out |    2|    m_axi   |     weights1    |    pointer   |
|m_axi_weights1_AWCACHE   | out |    4|    m_axi   |     weights1    |    pointer   |
|m_axi_weights1_AWPROT    | out |    3|    m_axi   |     weights1    |    pointer   |
|m_axi_weights1_AWQOS     | out |    4|    m_axi   |     weights1    |    pointer   |
|m_axi_weights1_AWREGION  | out |    4|    m_axi   |     weights1    |    pointer   |
|m_axi_weights1_AWUSER    | out |    1|    m_axi   |     weights1    |    pointer   |
|m_axi_weights1_WVALID    | out |    1|    m_axi   |     weights1    |    pointer   |
|m_axi_weights1_WREADY    |  in |    1|    m_axi   |     weights1    |    pointer   |
|m_axi_weights1_WDATA     | out |   32|    m_axi   |     weights1    |    pointer   |
|m_axi_weights1_WSTRB     | out |    4|    m_axi   |     weights1    |    pointer   |
|m_axi_weights1_WLAST     | out |    1|    m_axi   |     weights1    |    pointer   |
|m_axi_weights1_WID       | out |    1|    m_axi   |     weights1    |    pointer   |
|m_axi_weights1_WUSER     | out |    1|    m_axi   |     weights1    |    pointer   |
|m_axi_weights1_ARVALID   | out |    1|    m_axi   |     weights1    |    pointer   |
|m_axi_weights1_ARREADY   |  in |    1|    m_axi   |     weights1    |    pointer   |
|m_axi_weights1_ARADDR    | out |   32|    m_axi   |     weights1    |    pointer   |
|m_axi_weights1_ARID      | out |    1|    m_axi   |     weights1    |    pointer   |
|m_axi_weights1_ARLEN     | out |   32|    m_axi   |     weights1    |    pointer   |
|m_axi_weights1_ARSIZE    | out |    3|    m_axi   |     weights1    |    pointer   |
|m_axi_weights1_ARBURST   | out |    2|    m_axi   |     weights1    |    pointer   |
|m_axi_weights1_ARLOCK    | out |    2|    m_axi   |     weights1    |    pointer   |
|m_axi_weights1_ARCACHE   | out |    4|    m_axi   |     weights1    |    pointer   |
|m_axi_weights1_ARPROT    | out |    3|    m_axi   |     weights1    |    pointer   |
|m_axi_weights1_ARQOS     | out |    4|    m_axi   |     weights1    |    pointer   |
|m_axi_weights1_ARREGION  | out |    4|    m_axi   |     weights1    |    pointer   |
|m_axi_weights1_ARUSER    | out |    1|    m_axi   |     weights1    |    pointer   |
|m_axi_weights1_RVALID    |  in |    1|    m_axi   |     weights1    |    pointer   |
|m_axi_weights1_RREADY    | out |    1|    m_axi   |     weights1    |    pointer   |
|m_axi_weights1_RDATA     |  in |   32|    m_axi   |     weights1    |    pointer   |
|m_axi_weights1_RLAST     |  in |    1|    m_axi   |     weights1    |    pointer   |
|m_axi_weights1_RID       |  in |    1|    m_axi   |     weights1    |    pointer   |
|m_axi_weights1_RUSER     |  in |    1|    m_axi   |     weights1    |    pointer   |
|m_axi_weights1_RRESP     |  in |    2|    m_axi   |     weights1    |    pointer   |
|m_axi_weights1_BVALID    |  in |    1|    m_axi   |     weights1    |    pointer   |
|m_axi_weights1_BREADY    | out |    1|    m_axi   |     weights1    |    pointer   |
|m_axi_weights1_BRESP     |  in |    2|    m_axi   |     weights1    |    pointer   |
|m_axi_weights1_BID       |  in |    1|    m_axi   |     weights1    |    pointer   |
|m_axi_weights1_BUSER     |  in |    1|    m_axi   |     weights1    |    pointer   |
|weights1_offset          |  in |   30|   ap_none  | weights1_offset |    scalar    |
|weights1_buf_0_address0  | out |    8|  ap_memory |  weights1_buf_0 |     array    |
|weights1_buf_0_ce0       | out |    1|  ap_memory |  weights1_buf_0 |     array    |
|weights1_buf_0_we0       | out |    1|  ap_memory |  weights1_buf_0 |     array    |
|weights1_buf_0_d0        | out |   32|  ap_memory |  weights1_buf_0 |     array    |
+-------------------------+-----+-----+------------+-----------------+--------------+

