

================================================================
== Vivado HLS Report for 'ld_weights3'
================================================================
* Date:           Sun Oct 30 00:20:24 2022

* Version:        2019.1 (Build 2552052 on Fri May 24 15:28:33 MDT 2019)
* Project:        lenet
* Solution:       solution1
* Product family: zynq
* Target device:  xc7z020-clg400-1


================================================================
== Performance Estimates
================================================================
+ Timing (ns): 
    * Summary: 
    +--------+-------+----------+------------+
    |  Clock | Target| Estimated| Uncertainty|
    +--------+-------+----------+------------+
    |ap_clk  |  10.00|     6.508|        1.25|
    +--------+-------+----------+------------+

+ Latency (clock cycles): 
    * Summary: 
    +------+------+------+------+---------+
    |   Latency   |   Interval  | Pipeline|
    |  min |  max |  min |  max |   Type  |
    +------+------+------+------+---------+
    |  5985|  5985|  5985|  5985|   none  |
    +------+------+------+------+---------+

    + Detail: 
        * Instance: 
        N/A

        * Loop: 
        +---------------------+------+------+----------+-----------+-----------+------+----------+
        |                     |   Latency   | Iteration|  Initiation Interval  | Trip |          |
        |      Loop Name      |  min |  max |  Latency |  achieved |   target  | Count| Pipelined|
        +---------------------+------+------+----------+-----------+-----------+------+----------+
        |- Loop 1             |  5984|  5984|       374|          -|          -|    16|    no    |
        | + Loop 1.1          |   372|   372|        62|          -|          -|     6|    no    |
        |  ++ Loop 1.1.1      |    60|    60|        12|          -|          -|     5|    no    |
        |   +++ Loop 1.1.1.1  |    10|    10|         2|          -|          -|     5|    no    |
        +---------------------+------+------+----------+-----------+-----------+------+----------+



================================================================
== Utilization Estimates
================================================================
* Summary: 
+-----------------+---------+-------+--------+-------+-----+
|       Name      | BRAM_18K| DSP48E|   FF   |  LUT  | URAM|
+-----------------+---------+-------+--------+-------+-----+
|DSP              |        -|      -|       -|      -|    -|
|Expression       |        -|      -|       0|    294|    -|
|FIFO             |        -|      -|       -|      -|    -|
|Instance         |        -|      -|       -|      -|    -|
|Memory           |        -|      -|       -|      -|    -|
|Multiplexer      |        -|      -|       -|     74|    -|
|Register         |        -|      -|     133|      -|    -|
+-----------------+---------+-------+--------+-------+-----+
|Total            |        0|      0|     133|    368|    0|
+-----------------+---------+-------+--------+-------+-----+
|Available        |      280|    220|  106400|  53200|    0|
+-----------------+---------+-------+--------+-------+-----+
|Utilization (%)  |        0|      0|   ~0   |   ~0  |    0|
+-----------------+---------+-------+--------+-------+-----+

+ Detail: 
    * Instance: 
    N/A

    * DSP48E: 
    N/A

    * Memory: 
    N/A

    * FIFO: 
    N/A

    * Expression: 
    +-----------------------+----------+-------+---+----+------------+------------+
    |     Variable Name     | Operation| DSP48E| FF| LUT| Bitwidth P0| Bitwidth P1|
    +-----------------------+----------+-------+---+----+------------+------------+
    |add_ln193_1_fu_194_p2  |     +    |      0|  0|  71|          64|          64|
    |add_ln193_2_fu_216_p2  |     +    |      0|  0|  71|          64|          64|
    |add_ln193_3_fu_237_p2  |     +    |      0|  0|  17|          13|          13|
    |add_ln193_4_fu_259_p2  |     +    |      0|  0|  17|          13|          13|
    |add_ln193_fu_173_p2    |     +    |      0|  0|  14|          10|          10|
    |i_fu_117_p2            |     +    |      0|  0|  15|           5|           1|
    |j_fu_163_p2            |     +    |      0|  0|  12|           3|           1|
    |k_fu_206_p2            |     +    |      0|  0|  12|           3|           1|
    |l_fu_249_p2            |     +    |      0|  0|  12|           3|           1|
    |sub_ln193_fu_147_p2    |     -    |      0|  0|  15|           9|           9|
    |icmp_ln189_fu_111_p2   |   icmp   |      0|  0|  11|           5|           6|
    |icmp_ln190_fu_157_p2   |   icmp   |      0|  0|   9|           3|           3|
    |icmp_ln191_fu_200_p2   |   icmp   |      0|  0|   9|           3|           3|
    |icmp_ln192_fu_243_p2   |   icmp   |      0|  0|   9|           3|           3|
    +-----------------------+----------+-------+---+----+------------+------------+
    |Total                  |          |      0|  0| 294|         201|         192|
    +-----------------------+----------+-------+---+----+------------+------------+

    * Multiplexer: 
    +-------------+----+-----------+-----+-----------+
    |     Name    | LUT| Input Size| Bits| Total Bits|
    +-------------+----+-----------+-----+-----------+
    |ap_NS_fsm    |  38|          7|    1|          7|
    |i_0_reg_67   |   9|          2|    5|         10|
    |j_0_reg_78   |   9|          2|    3|          6|
    |k_0_reg_89   |   9|          2|    3|          6|
    |l_0_reg_100  |   9|          2|    3|          6|
    +-------------+----+-----------+-----+-----------+
    |Total        |  74|         15|   15|         35|
    +-------------+----+-----------+-----+-----------+

    * Register: 
    +----------------------+----+----+-----+-----------+
    |         Name         | FF | LUT| Bits| Const Bits|
    +----------------------+----+----+-----+-----------+
    |add_ln193_1_reg_290   |  64|   0|   64|          0|
    |add_ln193_3_reg_303   |  13|   0|   13|          0|
    |ap_CS_fsm             |   6|   0|    6|          0|
    |i_0_reg_67            |   5|   0|    5|          0|
    |i_reg_272             |   5|   0|    5|          0|
    |j_0_reg_78            |   3|   0|    3|          0|
    |j_reg_285             |   3|   0|    3|          0|
    |k_0_reg_89            |   3|   0|    3|          0|
    |k_reg_298             |   3|   0|    3|          0|
    |l_0_reg_100           |   3|   0|    3|          0|
    |l_reg_311             |   3|   0|    3|          0|
    |sext_ln193_reg_277    |   9|   0|   10|          1|
    |zext_ln193_5_reg_316  |  13|   0|   64|         51|
    +----------------------+----+----+-----+-----------+
    |Total                 | 133|   0|  185|         52|
    +----------------------+----+----+-----+-----------+



================================================================
== Interface
================================================================
* Summary: 
+-----------------------+-----+-----+------------+--------------+--------------+
|       RTL Ports       | Dir | Bits|  Protocol  | Source Object|    C Type    |
+-----------------------+-----+-----+------------+--------------+--------------+
|ap_clk                 |  in |    1| ap_ctrl_hs |  ld_weights3 | return value |
|ap_rst                 |  in |    1| ap_ctrl_hs |  ld_weights3 | return value |
|ap_start               |  in |    1| ap_ctrl_hs |  ld_weights3 | return value |
|ap_done                | out |    1| ap_ctrl_hs |  ld_weights3 | return value |
|ap_idle                | out |    1| ap_ctrl_hs |  ld_weights3 | return value |
|ap_ready               | out |    1| ap_ctrl_hs |  ld_weights3 | return value |
|weights3_address0      | out |   12|  ap_memory |   weights3   |     array    |
|weights3_ce0           | out |    1|  ap_memory |   weights3   |     array    |
|weights3_q0            |  in |   32|  ap_memory |   weights3   |     array    |
|weights3_buf_address0  | out |   12|  ap_memory | weights3_buf |     array    |
|weights3_buf_ce0       | out |    1|  ap_memory | weights3_buf |     array    |
|weights3_buf_we0       | out |    1|  ap_memory | weights3_buf |     array    |
|weights3_buf_d0        | out |   32|  ap_memory | weights3_buf |     array    |
+-----------------------+-----+-----+------------+--------------+--------------+

