

================================================================
== Vivado HLS Report for 'ld_weights5'
================================================================
* Date:           Sun Oct 30 00:20:25 2022

* Version:        2019.1 (Build 2552052 on Fri May 24 15:28:33 MDT 2019)
* Project:        lenet
* Solution:       solution1
* Product family: zynq
* Target device:  xc7z020-clg400-1


================================================================
== Performance Estimates
================================================================
+ Timing (ns): 
    * Summary: 
    +--------+-------+----------+------------+
    |  Clock | Target| Estimated| Uncertainty|
    +--------+-------+----------+------------+
    |ap_clk  |  10.00|     6.508|        1.25|
    +--------+-------+----------+------------+

+ Latency (clock cycles): 
    * Summary: 
    +--------+--------+--------+--------+---------+
    |     Latency     |     Interval    | Pipeline|
    |   min  |   max  |   min  |   max  |   Type  |
    +--------+--------+--------+--------+---------+
    |  119281|  119281|  119281|  119281|   none  |
    +--------+--------+--------+--------+---------+

    + Detail: 
        * Instance: 
        N/A

        * Loop: 
        +---------------------+--------+--------+----------+-----------+-----------+------+----------+
        |                     |     Latency     | Iteration|  Initiation Interval  | Trip |          |
        |      Loop Name      |   min  |   max  |  Latency |  achieved |   target  | Count| Pipelined|
        +---------------------+--------+--------+----------+-----------+-----------+------+----------+
        |- Loop 1             |  119280|  119280|       994|          -|          -|   120|    no    |
        | + Loop 1.1          |     992|     992|        62|          -|          -|    16|    no    |
        |  ++ Loop 1.1.1      |      60|      60|        12|          -|          -|     5|    no    |
        |   +++ Loop 1.1.1.1  |      10|      10|         2|          -|          -|     5|    no    |
        +---------------------+--------+--------+----------+-----------+-----------+------+----------+



================================================================
== Utilization Estimates
================================================================
* Summary: 
+-----------------+---------+-------+--------+-------+-----+
|       Name      | BRAM_18K| DSP48E|   FF   |  LUT  | URAM|
+-----------------+---------+-------+--------+-------+-----+
|DSP              |        -|      -|       -|      -|    -|
|Expression       |        -|      -|       0|    296|    -|
|FIFO             |        -|      -|       -|      -|    -|
|Instance         |        -|      -|       -|      -|    -|
|Memory           |        -|      -|       -|      -|    -|
|Multiplexer      |        -|      -|       -|     74|    -|
|Register         |        -|      -|     147|      -|    -|
+-----------------+---------+-------+--------+-------+-----+
|Total            |        0|      0|     147|    370|    0|
+-----------------+---------+-------+--------+-------+-----+
|Available        |      280|    220|  106400|  53200|    0|
+-----------------+---------+-------+--------+-------+-----+
|Utilization (%)  |        0|      0|   ~0   |   ~0  |    0|
+-----------------+---------+-------+--------+-------+-----+

+ Detail: 
    * Instance: 
    N/A

    * DSP48E: 
    N/A

    * Memory: 
    N/A

    * FIFO: 
    N/A

    * Expression: 
    +-----------------------+----------+-------+---+----+------------+------------+
    |     Variable Name     | Operation| DSP48E| FF| LUT| Bitwidth P0| Bitwidth P1|
    +-----------------------+----------+-------+---+----+------------+------------+
    |add_ln205_1_fu_174_p2  |     +    |      0|  0|  71|          64|          64|
    |add_ln205_2_fu_196_p2  |     +    |      0|  0|  71|          64|          64|
    |add_ln205_3_fu_217_p2  |     +    |      0|  0|  24|          17|          17|
    |add_ln205_4_fu_239_p2  |     +    |      0|  0|  24|          17|          17|
    |add_ln205_fu_153_p2    |     +    |      0|  0|  12|          12|          12|
    |i_fu_119_p2            |     +    |      0|  0|  15|           7|           1|
    |j_fu_143_p2            |     +    |      0|  0|  15|           5|           1|
    |k_fu_186_p2            |     +    |      0|  0|  12|           3|           1|
    |l_fu_229_p2            |     +    |      0|  0|  12|           3|           1|
    |icmp_ln201_fu_113_p2   |   icmp   |      0|  0|  11|           7|           5|
    |icmp_ln202_fu_137_p2   |   icmp   |      0|  0|  11|           5|           6|
    |icmp_ln203_fu_180_p2   |   icmp   |      0|  0|   9|           3|           3|
    |icmp_ln204_fu_223_p2   |   icmp   |      0|  0|   9|           3|           3|
    +-----------------------+----------+-------+---+----+------------+------------+
    |Total                  |          |      0|  0| 296|         210|         195|
    +-----------------------+----------+-------+---+----+------------+------------+

    * Multiplexer: 
    +-------------+----+-----------+-----+-----------+
    |     Name    | LUT| Input Size| Bits| Total Bits|
    +-------------+----+-----------+-----+-----------+
    |ap_NS_fsm    |  38|          7|    1|          7|
    |i_0_reg_69   |   9|          2|    7|         14|
    |j_0_reg_80   |   9|          2|    5|         10|
    |k_0_reg_91   |   9|          2|    3|          6|
    |l_0_reg_102  |   9|          2|    3|          6|
    +-------------+----+-----------+-----+-----------+
    |Total        |  74|         15|   19|         43|
    +-------------+----+-----------+-----+-----------+

    * Register: 
    +----------------------+----+----+-----+-----------+
    |         Name         | FF | LUT| Bits| Const Bits|
    +----------------------+----+----+-----+-----------+
    |add_ln205_1_reg_270   |  64|   0|   64|          0|
    |add_ln205_3_reg_283   |  17|   0|   17|          0|
    |ap_CS_fsm             |   6|   0|    6|          0|
    |i_0_reg_69            |   7|   0|    7|          0|
    |i_reg_252             |   7|   0|    7|          0|
    |j_0_reg_80            |   5|   0|    5|          0|
    |j_reg_265             |   5|   0|    5|          0|
    |k_0_reg_91            |   3|   0|    3|          0|
    |k_reg_278             |   3|   0|    3|          0|
    |l_0_reg_102           |   3|   0|    3|          0|
    |l_reg_291             |   3|   0|    3|          0|
    |zext_ln202_reg_257    |   7|   0|   12|          5|
    |zext_ln205_5_reg_296  |  17|   0|   64|         47|
    +----------------------+----+----+-----+-----------+
    |Total                 | 147|   0|  199|         52|
    +----------------------+----+----+-----+-----------+



================================================================
== Interface
================================================================
* Summary: 
+-----------------------+-----+-----+------------+--------------+--------------+
|       RTL Ports       | Dir | Bits|  Protocol  | Source Object|    C Type    |
+-----------------------+-----+-----+------------+--------------+--------------+
|ap_clk                 |  in |    1| ap_ctrl_hs |  ld_weights5 | return value |
|ap_rst                 |  in |    1| ap_ctrl_hs |  ld_weights5 | return value |
|ap_start               |  in |    1| ap_ctrl_hs |  ld_weights5 | return value |
|ap_done                | out |    1| ap_ctrl_hs |  ld_weights5 | return value |
|ap_idle                | out |    1| ap_ctrl_hs |  ld_weights5 | return value |
|ap_ready               | out |    1| ap_ctrl_hs |  ld_weights5 | return value |
|weights5_address0      | out |   16|  ap_memory |   weights5   |     array    |
|weights5_ce0           | out |    1|  ap_memory |   weights5   |     array    |
|weights5_q0            |  in |   32|  ap_memory |   weights5   |     array    |
|weights5_buf_address0  | out |   16|  ap_memory | weights5_buf |     array    |
|weights5_buf_ce0       | out |    1|  ap_memory | weights5_buf |     array    |
|weights5_buf_we0       | out |    1|  ap_memory | weights5_buf |     array    |
|weights5_buf_d0        | out |   32|  ap_memory | weights5_buf |     array    |
+-----------------------+-----+-----+------------+--------------+--------------+

