02:28:47 **** Auto Build of configuration Debug for project write_bram ****
make pre-build main-build 
a9-linaro-pre-build-step
' '
'Building file: ../src/helloworld.c'
'Invoking: ARM v7 gcc compiler'
arm-none-eabi-gcc -Wall -O0 -g3 -c -fmessage-length=0 -MT"src/helloworld.o" -mcpu=cortex-a9 -mfpu=vfpv3 -mfloat-abi=hard -I../../write_bram_bsp/ps7_cortexa9_0/include -MMD -MP -MF"src/helloworld.d" -MT"src/helloworld.o" -o "src/helloworld.o" "../src/helloworld.c"
../src/helloworld.c: In function 'main':
../src/helloworld.c:63:4: warning: implicit declaration of function 'usleep'; did you mean 'fseek'? [-Wimplicit-function-declaration]
    usleep(1000);
    ^~~~~~
    fseek
'Finished building: ../src/helloworld.c'
' '
'Building target: write_bram.elf'
'Invoking: ARM v7 gcc linker'
arm-none-eabi-gcc -mcpu=cortex-a9 -mfpu=vfpv3 -mfloat-abi=hard -Wl,-build-id=none -specs=Xilinx.spec -Wl,-T -Wl,../src/lscript.ld -L../../write_bram_bsp/ps7_cortexa9_0/lib -o "write_bram.elf"  ./src/helloworld.o ./src/platform.o   -Wl,--start-group,-lxil,-lgcc,-lc,--end-group
'Finished building target: write_bram.elf'
' '
'Invoking: ARM v7 Print Size'
arm-none-eabi-size write_bram.elf  |tee "write_bram.elf.size"
   text	   data	    bss	    dec	    hex	filename
  19248	   1344	  22568	  43160	   a898	write_bram.elf
'Finished building: write_bram.elf.size'
' '

02:28:48 Build Finished (took 873ms)

