17:18:29 **** Auto Build of configuration Debug for project write_bram ****
make pre-build main-build 
a9-linaro-pre-build-step
' '
'Building file: ../src/helloworld.c'
'Invoking: ARM v7 gcc compiler'
arm-none-eabi-gcc -Wall -O0 -g3 -c -fmessage-length=0 -MT"src/helloworld.o" -mcpu=cortex-a9 -mfpu=vfpv3 -mfloat-abi=hard -I../../write_bram_bsp/ps7_cortexa9_0/include -MMD -MP -MF"src/helloworld.d" -MT"src/helloworld.o" -o "src/helloworld.o" "../src/helloworld.c"
'Finished building: ../src/helloworld.c'
' '
'Building target: write_bram.elf'
'Invoking: ARM v7 gcc linker'
arm-none-eabi-gcc -mcpu=cortex-a9 -mfpu=vfpv3 -mfloat-abi=hard -Wl,-build-id=none -specs=Xilinx.spec -Wl,-T -Wl,../src/lscript.ld -L../../write_bram_bsp/ps7_cortexa9_0/lib -o "write_bram.elf"  ./src/helloworld.o ./src/platform.o   -Wl,--start-group,-lxil,-lgcc,-lc,--end-group
'Finished building target: write_bram.elf'
' '
'Invoking: ARM v7 Print Size'
arm-none-eabi-size write_bram.elf  |tee "write_bram.elf.size"
   text	   data	    bss	    dec	    hex	filename
  19288	   1648	  22568	  43504	   a9f0	write_bram.elf
'Finished building: write_bram.elf.size'
' '

17:18:31 Build Finished (took 1s.231ms)

