

================================================================
== Vivado HLS Report for 'multiply_partB_2'
================================================================
* Date:           Sun Oct  9 17:51:44 2022

* Version:        2019.1 (Build 2552052 on Fri May 24 15:28:33 MDT 2019)
* Project:        mp3b
* Solution:       solution1
* Product family: zynq
* Target device:  xc7z020-clg400-1


================================================================
== Performance Estimates
================================================================
+ Timing (ns): 
    * Summary: 
    +--------+-------+----------+------------+
    |  Clock | Target| Estimated| Uncertainty|
    +--------+-------+----------+------------+
    |ap_clk  |  10.00|     9.634|        1.25|
    +--------+-------+----------+------------+

+ Latency (clock cycles): 
    * Summary: 
    +---------+---------+---------+---------+---------+
    |      Latency      |      Interval     | Pipeline|
    |   min   |   max   |   min   |   max   |   Type  |
    +---------+---------+---------+---------+---------+
    |  1300603|  3300603|  1300603|  3300603|   none  |
    +---------+---------+---------+---------+---------+

    + Detail: 
        * Instance: 
        N/A

        * Loop: 
        +-------------------+---------+---------+---------------+-----------+-----------+------+----------+
        |                   |      Latency      |   Iteration   |  Initiation Interval  | Trip |          |
        |     Loop Name     |   min   |   max   |    Latency    |  achieved |   target  | Count| Pipelined|
        +-------------------+---------+---------+---------------+-----------+-----------+------+----------+
        |- loop_read        |    10200|    10200|            102|          -|          -|   100|    no    |
        | + loop_read.1     |      100|      100|              1|          -|          -|   100|    no    |
        |- loop_add         |  1270200|  3270200| 12702 ~ 32702 |          -|          -|   100|    no    |
        | + loop_add.1      |    12700|    32700|   127 ~ 327   |          -|          -|   100|    no    |
        |  ++ loop_add.1.1  |      125|      325|     5 ~ 13    |          -|          -|    25|    no    |
        |- loop_write       |    20200|    20200|            202|          -|          -|   100|    no    |
        | + loop_write.1    |      200|      200|              2|          -|          -|   100|    no    |
        +-------------------+---------+---------+---------------+-----------+-----------+------+----------+



================================================================
== Utilization Estimates
================================================================
* Summary: 
+-----------------+---------+-------+--------+-------+-----+
|       Name      | BRAM_18K| DSP48E|   FF   |  LUT  | URAM|
+-----------------+---------+-------+--------+-------+-----+
|DSP              |        -|      4|       -|      -|    -|
|Expression       |        -|      3|       0|    769|    -|
|FIFO             |        -|      -|       -|      -|    -|
|Instance         |        -|      -|       -|      -|    -|
|Memory           |       96|      -|       0|      0|    0|
|Multiplexer      |        -|      -|       -|    342|    -|
|Register         |        -|      -|     539|      -|    -|
+-----------------+---------+-------+--------+-------+-----+
|Total            |       96|      7|     539|   1111|    0|
+-----------------+---------+-------+--------+-------+-----+
|Available        |      280|    220|  106400|  53200|    0|
+-----------------+---------+-------+--------+-------+-----+
|Utilization (%)  |       34|      3|   ~0   |      2|    0|
+-----------------+---------+-------+--------+-------+-----+

+ Detail: 
    * Instance: 
    N/A

    * DSP48E: 
    +-------------------------+----------------------+--------------+
    |         Instance        |        Module        |  Expression  |
    +-------------------------+----------------------+--------------+
    |multiply_partB_2_eOg_U1  |multiply_partB_2_eOg  | i0 * i1 + i2 |
    |multiply_partB_2_eOg_U2  |multiply_partB_2_eOg  | i0 * i1 + i2 |
    |multiply_partB_2_eOg_U3  |multiply_partB_2_eOg  | i0 * i1 + i2 |
    |multiply_partB_2_eOg_U4  |multiply_partB_2_eOg  | i0 * i1 + i2 |
    +-------------------------+----------------------+--------------+

    * Memory: 
    +----------+----------------------+---------+---+----+-----+-------+-----+------+-------------+
    |  Memory  |        Module        | BRAM_18K| FF| LUT| URAM| Words | Bits| Banks| W*Bits*Banks|
    +----------+----------------------+---------+---+----+-----+-------+-----+------+-------------+
    |arrayA_U  |multiply_partB_2_bkb  |       32|  0|   0|    0|  10000|   32|     1|       320000|
    |arrayB_U  |multiply_partB_2_bkb  |       32|  0|   0|    0|  10000|   32|     1|       320000|
    |arrayC_U  |multiply_partB_2_bkb  |       32|  0|   0|    0|  10000|   32|     1|       320000|
    +----------+----------------------+---------+---+----+-----+-------+-----+------+-------------+
    |Total     |                      |       96|  0|   0|    0|  30000|   96|     3|       960000|
    +----------+----------------------+---------+---+----+-----+-------+-----+------+-------------+

    * FIFO: 
    N/A

    * Expression: 
    +-------------------------------+----------+-------+---+----+------------+------------+
    |         Variable Name         | Operation| DSP48E| FF| LUT| Bitwidth P0| Bitwidth P1|
    +-------------------------------+----------+-------+---+----+------------+------------+
    |grp_fu_356_p2                  |     *    |      3|  0|  20|          32|          32|
    |add_ln11_fu_362_p2             |     +    |      0|  0|  19|          14|           7|
    |add_ln18_fu_419_p2             |     +    |      0|  0|  19|          14|          14|
    |add_ln27_fu_432_p2             |     +    |      0|  0|  19|          14|           7|
    |add_ln31_fu_692_p2             |     +    |      0|  0|  15|           7|           3|
    |add_ln36_11_fu_672_p2          |     +    |      0|  0|  19|          14|          14|
    |add_ln36_1_fu_591_p2           |     +    |      0|  0|  39|          32|          32|
    |add_ln36_2_fu_639_p2           |     +    |      0|  0|  39|          32|          32|
    |add_ln36_3_fu_687_p2           |     +    |      0|  0|  39|          32|          32|
    |add_ln36_4_fu_489_p2           |     +    |      0|  0|  19|          14|          14|
    |add_ln36_5_fu_528_p2           |     +    |      0|  0|  19|          14|          14|
    |add_ln36_7_fu_576_p2           |     +    |      0|  0|  19|          14|          14|
    |add_ln36_9_fu_624_p2           |     +    |      0|  0|  19|          14|          14|
    |add_ln36_fu_543_p2             |     +    |      0|  0|  39|          32|          32|
    |add_ln42_fu_698_p2             |     +    |      0|  0|  19|          14|           7|
    |add_ln48_fu_755_p2             |     +    |      0|  0|  19|          14|          14|
    |i_3_fu_448_p2                  |     +    |      0|  0|  15|           7|           1|
    |i_4_fu_714_p2                  |     +    |      0|  0|  15|           7|           1|
    |i_fu_378_p2                    |     +    |      0|  0|  15|           7|           1|
    |j_3_fu_399_p2                  |     +    |      0|  0|  15|           7|           1|
    |j_4_fu_735_p2                  |     +    |      0|  0|  15|           7|           1|
    |j_fu_469_p2                    |     +    |      0|  0|  15|           7|           1|
    |and_ln17_fu_410_p2             |    and   |      0|  0|   2|           1|           1|
    |and_ln35_1_fu_515_p2           |    and   |      0|  0|   2|           1|           1|
    |and_ln35_2_fu_563_p2           |    and   |      0|  0|   2|           1|           1|
    |and_ln35_3_fu_611_p2           |    and   |      0|  0|   2|           1|           1|
    |and_ln35_4_fu_659_p2           |    and   |      0|  0|   2|           1|           1|
    |and_ln35_fu_480_p2             |    and   |      0|  0|   2|           1|           1|
    |and_ln47_fu_746_p2             |    and   |      0|  0|   2|           1|           1|
    |ap_block_state21               |    and   |      0|  0|   2|           1|           1|
    |ap_predicate_op70_read_state3  |    and   |      0|  0|   2|           1|           1|
    |icmp_ln11_fu_372_p2            |   icmp   |      0|  0|  11|           7|           6|
    |icmp_ln13_fu_393_p2            |   icmp   |      0|  0|  11|           7|           6|
    |icmp_ln17_1_fu_405_p2          |   icmp   |      0|  0|  18|          32|          32|
    |icmp_ln17_fu_384_p2            |   icmp   |      0|  0|  18|          32|          32|
    |icmp_ln27_fu_442_p2            |   icmp   |      0|  0|  11|           7|           6|
    |icmp_ln29_fu_463_p2            |   icmp   |      0|  0|  11|           7|           6|
    |icmp_ln31_fu_504_p2            |   icmp   |      0|  0|  11|           7|           6|
    |icmp_ln35_1_fu_475_p2          |   icmp   |      0|  0|  18|          32|          32|
    |icmp_ln35_2_fu_510_p2          |   icmp   |      0|  0|  18|          32|          32|
    |icmp_ln35_3_fu_558_p2          |   icmp   |      0|  0|  18|          32|          32|
    |icmp_ln35_4_fu_606_p2          |   icmp   |      0|  0|  18|          32|          32|
    |icmp_ln35_5_fu_654_p2          |   icmp   |      0|  0|  18|          32|          32|
    |icmp_ln35_fu_454_p2            |   icmp   |      0|  0|  18|          32|          32|
    |icmp_ln42_fu_708_p2            |   icmp   |      0|  0|  11|           7|           6|
    |icmp_ln44_fu_729_p2            |   icmp   |      0|  0|  11|           7|           6|
    |icmp_ln47_1_fu_741_p2          |   icmp   |      0|  0|  18|          32|          32|
    |icmp_ln47_fu_720_p2            |   icmp   |      0|  0|  18|          32|          32|
    |ap_block_state3                |    or    |      0|  0|   2|           1|           1|
    |or_ln31_1_fu_596_p2            |    or    |      0|  0|   7|           7|           2|
    |or_ln31_2_fu_644_p2            |    or    |      0|  0|   7|           7|           2|
    |or_ln31_fu_548_p2              |    or    |      0|  0|   7|           7|           1|
    +-------------------------------+----------+-------+---+----+------------+------------+
    |Total                          |          |      3|  0| 769|         749|         665|
    +-------------------------------+----------+-------+---+----+------------+------------+

    * Multiplexer: 
    +------------------+-----+-----------+-----+-----------+
    |       Name       | LUT | Input Size| Bits| Total Bits|
    +------------------+-----+-----------+-----+-----------+
    |A_blk_n           |    9|          2|    1|          2|
    |B_blk_n           |    9|          2|    1|          2|
    |C_blk_n           |    9|          2|    1|          2|
    |ap_NS_fsm         |  105|         22|    1|         22|
    |arrayA_address0   |   33|          6|   14|         84|
    |arrayB_address0   |   33|          6|   14|         84|
    |arrayC_address0   |   21|          4|   14|         56|
    |arrayC_d0         |   33|          6|   32|        192|
    |i_0_reg_234       |    9|          2|    7|         14|
    |i_1_reg_268       |    9|          2|    7|         14|
    |i_2_reg_314       |    9|          2|    7|         14|
    |j_0_reg_257       |    9|          2|    7|         14|
    |j_1_reg_291       |    9|          2|    7|         14|
    |j_2_reg_337       |    9|          2|    7|         14|
    |k_0_0_reg_302     |    9|          2|    7|         14|
    |phi_mul1_reg_279  |    9|          2|   14|         28|
    |phi_mul3_reg_325  |    9|          2|   14|         28|
    |phi_mul_reg_245   |    9|          2|   14|         28|
    +------------------+-----+-----------+-----+-----------+
    |Total             |  342|         70|  169|        626|
    +------------------+-----+-----------+-----+-----------+

    * Register: 
    +-----------------------+----+----+-----+-----------+
    |          Name         | FF | LUT| Bits| Const Bits|
    +-----------------------+----+----+-----+-----------+
    |add_ln11_reg_820       |  14|   0|   14|          0|
    |add_ln27_reg_849       |  14|   0|   14|          0|
    |add_ln42_reg_1000      |  14|   0|   14|          0|
    |and_ln35_1_reg_899     |   1|   0|    1|          0|
    |and_ln35_2_reg_923     |   1|   0|    1|          0|
    |and_ln35_3_reg_947     |   1|   0|    1|          0|
    |and_ln35_4_reg_971     |   1|   0|    1|          0|
    |and_ln35_reg_875       |   1|   0|    1|          0|
    |and_ln47_reg_1026      |   1|   0|    1|          0|
    |ap_CS_fsm              |  21|   0|   21|          0|
    |arrayC_addr_1_reg_891  |  14|   0|   14|          0|
    |arrayC_load_1_reg_918  |  32|   0|   32|          0|
    |arrayC_load_2_reg_942  |  32|   0|   32|          0|
    |arrayC_load_3_reg_966  |  32|   0|   32|          0|
    |arrayC_load_4_reg_990  |  32|   0|   32|          0|
    |i_0_reg_234            |   7|   0|    7|          0|
    |i_1_reg_268            |   7|   0|    7|          0|
    |i_2_reg_314            |   7|   0|    7|          0|
    |i_3_reg_857            |   7|   0|    7|          0|
    |i_4_reg_1008           |   7|   0|    7|          0|
    |i_reg_828              |   7|   0|    7|          0|
    |icmp_ln17_reg_833      |   1|   0|    1|          0|
    |icmp_ln35_reg_862      |   1|   0|    1|          0|
    |icmp_ln47_reg_1013     |   1|   0|    1|          0|
    |j_0_reg_257            |   7|   0|    7|          0|
    |j_1_reg_291            |   7|   0|    7|          0|
    |j_2_reg_337            |   7|   0|    7|          0|
    |j_4_reg_1021           |   7|   0|    7|          0|
    |j_reg_870              |   7|   0|    7|          0|
    |k_0_0_reg_302          |   7|   0|    7|          0|
    |mul_ln36_1_reg_937     |  32|   0|   32|          0|
    |mul_ln36_2_reg_961     |  32|   0|   32|          0|
    |mul_ln36_3_reg_985     |  32|   0|   32|          0|
    |mul_ln36_reg_913       |  32|   0|   32|          0|
    |phi_mul1_reg_279       |  14|   0|   14|          0|
    |phi_mul3_reg_325       |  14|   0|   14|          0|
    |phi_mul_reg_245        |  14|   0|   14|          0|
    |reg_348                |  32|   0|   32|          0|
    |reg_352                |  32|   0|   32|          0|
    |zext_ln36_reg_883      |   7|   0|   14|          7|
    +-----------------------+----+----+-----+-----------+
    |Total                  | 539|   0|  546|          7|
    +-----------------------+----+----+-----+-----------+



================================================================
== Interface
================================================================
* Summary: 
+-----------+-----+-----+------------+------------------+--------------+
| RTL Ports | Dir | Bits|  Protocol  |   Source Object  |    C Type    |
+-----------+-----+-----+------------+------------------+--------------+
|ap_clk     |  in |    1| ap_ctrl_hs | multiply_partB_2 | return value |
|ap_rst     |  in |    1| ap_ctrl_hs | multiply_partB_2 | return value |
|ap_start   |  in |    1| ap_ctrl_hs | multiply_partB_2 | return value |
|ap_done    | out |    1| ap_ctrl_hs | multiply_partB_2 | return value |
|ap_idle    | out |    1| ap_ctrl_hs | multiply_partB_2 | return value |
|ap_ready   | out |    1| ap_ctrl_hs | multiply_partB_2 | return value |
|A_dout     |  in |   32|   ap_fifo  |         A        |    pointer   |
|A_empty_n  |  in |    1|   ap_fifo  |         A        |    pointer   |
|A_read     | out |    1|   ap_fifo  |         A        |    pointer   |
|B_dout     |  in |   32|   ap_fifo  |         B        |    pointer   |
|B_empty_n  |  in |    1|   ap_fifo  |         B        |    pointer   |
|B_read     | out |    1|   ap_fifo  |         B        |    pointer   |
|C_din      | out |   32|   ap_fifo  |         C        |    pointer   |
|C_full_n   |  in |    1|   ap_fifo  |         C        |    pointer   |
|C_write    | out |    1|   ap_fifo  |         C        |    pointer   |
|mA         |  in |   32|   ap_none  |        mA        |    scalar    |
|nA         |  in |   32|   ap_none  |        nA        |    scalar    |
|mB         |  in |   32|   ap_none  |        mB        |    scalar    |
|nB         |  in |   32|   ap_none  |        nB        |    scalar    |
|mC         |  in |   32|   ap_none  |        mC        |    scalar    |
|nC         |  in |   32|   ap_none  |        nC        |    scalar    |
+-----------+-----+-----+------------+------------------+--------------+

